{
  "arpeggio": "arpeggio-2.0.2",
  "multi-depends": "multi-depends-0.1.0"
}
