{
  "no-binary": false,
  "no-binary-package": [],
  "no-build": true,
  "no-build-package": []
}
