{
  "no-binary": true,
  "no-binary-package": [],
  "no-build": false,
  "no-build-package": []
}
